// Jest Snapshot v1, https://goo.gl/fbAQLP

exports[`AddNewIdea renders as expected 1`] = `
<AddNewIdea>
  <Overlay
    onClose={[Function]}
  >
    <div
      className="Overlay Overlay--isOpening"
    >
      <div
        className="Overlay-Content"
        style={
          Object {
            "animationDuration": "200ms",
          }
        }
      >
        <div
          className="Overlay-Mask"
          onClick={[Function]}
        />
        <div
          className="Overlay-Box"
        >
          <div
            className="Overlay-Close"
            onClick={[Function]}
          >
            <XCloseSVG>
              <svg
                className="XCloseSVG"
              >
                <use
                  xlinkHref="#XCloseSymbol"
                />
              </svg>
            </XCloseSVG>
          </div>
          <div
            className="AddNewIdea"
          >
            <div
              className="AddNewIdea-Title"
            >
              Add new idea
            </div>
            <form
              method="POST"
              onSubmit={[Function]}
            >
              <div>
                <label
                  className=""
                  htmlFor="ideaName"
                >
                  Idea Name*
                </label>
                <input
                  name="name"
                  onBlur={[Function]}
                  onChange={[Function]}
                  onFocus={[Function]}
                  required={true}
                  type="text"
                />
              </div>
              <div>
                <label
                  className="align-top "
                  htmlFor="description"
                >
                  Idea Description*
                </label>
                <textarea
                  name="description"
                  onBlur={[Function]}
                  onChange={[Function]}
                  onFocus={[Function]}
                  required={true}
                  rows="5"
                />
              </div>
              <button
                type="submit"
              >
                Submit
              </button>
            </form>
          </div>
        </div>
      </div>
    </div>
  </Overlay>
</AddNewIdea>
`;
