// Jest Snapshot v1, https://goo.gl/fbAQLP

exports[`AddNewIdea renders as expected 1`] = `
<Provider
  store={
    Object {
      "clearActions": [Function],
      "dispatch": [Function],
      "getActions": [Function],
      "getState": [Function],
      "replaceReducer": [Function],
      "subscribe": [Function],
    }
  }
>
  <AddNewIdea>
    <div
      className="AddNewIdea"
    >
      <div
        className="Overlay"
      >
        <div
          className="Overlay-Container"
        >
          <div
            className="Overlay-Box"
          >
            <div
              className="Overlay-Close"
              onClick={[Function]}
            >
              close
            </div>
            <div
              className="AddNewIdea-Title"
            >
              Add new idea
            </div>
            <form
              action=""
              method="POST"
              onSubmit={[Function]}
            >
              <div>
                <label
                  className=""
                  htmlFor="ideaName"
                >
                  Idea Name*
                </label>
                <input
                  name="ideaName"
                  onBlur={[Function]}
                  onChange={[Function]}
                  onFocus={[Function]}
                  required={true}
                  type="text"
                  value=""
                />
              </div>
              <div>
                <label
                  className=""
                  htmlFor="description"
                >
                  Idea Description*
                </label>
                <textarea
                  name="description"
                  onBlur={[Function]}
                  onChange={[Function]}
                  onFocus={[Function]}
                  required={true}
                  value=""
                />
              </div>
              <button
                type="submit"
              >
                Submit
              </button>
            </form>
          </div>
        </div>
      </div>
    </div>
  </AddNewIdea>
</Provider>
`;
