// Jest Snapshot v1, https://goo.gl/fbAQLP

exports[`JoinIdeaOverlay renders as expected 1`] = `
<Provider
  store={
    Object {
      "clearActions": [Function],
      "dispatch": [Function],
      "getActions": [Function],
      "getState": [Function],
      "replaceReducer": [Function],
      "subscribe": [Function],
    }
  }
>
  <JoinIdeaOverlay>
    <div
      className="JoinIdeaOverlay"
    >
      <div
        className="Overlay"
      >
        <div
          className="Overlay-Container"
        >
          <div
            className="Overlay-Box"
          >
            <div
              className="Overlay-Close"
              onClick={[Function]}
            >
              close
            </div>
            <div
              className="JoinIdeaOverlay-Title"
            >
              Join the idea
            </div>
          </div>
        </div>
      </div>
    </div>
  </JoinIdeaOverlay>
</Provider>
`;
