// Jest Snapshot v1, https://goo.gl/fbAQLP

exports[`IdeaCard renders as expected 1`] = `
<Provider
  store={
    Object {
      "clearActions": [Function],
      "dispatch": [Function],
      "getActions": [Function],
      "getState": [Function],
      "replaceReducer": [Function],
      "subscribe": [Function],
    }
  }
>
  <IdeaCard>
    <div
      className="IdeaCard"
    >
      <div
        className="IdeaCard-Container"
      >
        <div
          className="IdeaCard-Info"
        >
          <div
            className="IdeaCard-Info-Name"
          />
          <div
            className="IdeaCard-Info-Description"
          />
        </div>
        <div
          className="IdeaCard-Actions"
        >
          <div
            className="Idea-Actions-Join"
            onClick={[Function]}
          >
            + join
          </div>
          <div
            className="IdeaCard-More"
            onClick={[Function]}
          >
            MORE
          </div>
        </div>
      </div>
    </div>
  </IdeaCard>
</Provider>
`;
