// Jest Snapshot v1, https://goo.gl/fbAQLP

exports[`IdeaCard renders as expected 1`] = `
<Provider
  store={
    Object {
      "clearActions": [Function],
      "dispatch": [Function],
      "getActions": [Function],
      "getState": [Function],
      "replaceReducer": [Function],
      "subscribe": [Function],
    }
  }
>
  <IdeaCard>
    <div
      className="IdeaCard"
    >
      <div
        className="IdeaCard-Container"
      >
        <div
          className="IdeaCard-Info"
        >
          <p
            className="IdeaCard-Info-Name"
          />
          <p
            className="IdeaCard-Info-Description"
          />
        </div>
        <div
          className="IdeaCard-Actions"
        >
          <Button
            onClick={[Function]}
            type="isSecondaryTransparent"
          >
            <div
              className="Button Button--isSecondaryTransparent"
            >
              <p
                className="Button-Label"
                onClick={[Function]}
              />
              <div
                className="Button-Inside"
                onClick={[Function]}
              >
                <AddPersonSVG>
                  <svg
                    className="AddPersonSVG"
                  >
                    <use
                      xlinkHref="#AddPersonSymbol"
                    />
                  </svg>
                </AddPersonSVG>
                 join
              </div>
            </div>
          </Button>
          <Button
            onClick={[Function]}
            type="isSecondaryTransparent"
          >
            <div
              className="Button Button--isSecondaryTransparent"
            >
              <p
                className="Button-Label"
                onClick={[Function]}
              />
              <div
                className="Button-Inside"
                onClick={[Function]}
              >
                More
              </div>
            </div>
          </Button>
        </div>
      </div>
    </div>
  </IdeaCard>
</Provider>
`;
