// Jest Snapshot v1, https://goo.gl/fbAQLP

exports[`Registration renders as expected 1`] = `
<Provider
  store={
    Object {
      "clearActions": [Function],
      "dispatch": [Function],
      "getActions": [Function],
      "getState": [Function],
      "replaceReducer": [Function],
      "subscribe": [Function],
    }
  }
>
  <Registration>
    <BrowserRouter>
      <Router
        history={
          Object {
            "action": "POP",
            "block": [Function],
            "createHref": [Function],
            "go": [Function],
            "goBack": [Function],
            "goForward": [Function],
            "length": 1,
            "listen": [Function],
            "location": Object {
              "hash": "",
              "pathname": "/",
              "search": "",
              "state": undefined,
            },
            "push": [Function],
            "replace": [Function],
          }
        }
      >
        <section
          className="Registration"
          id="registration"
        >
          <div
            className="Registration-Container"
          >
            <p
              className="Registration-Title"
            >
              Registration
            </p>
            <div
              className="Registration-Content"
            >
              <Button
                label="Join an existing idea"
                onClick={[Function]}
                type="isActionFilled"
              >
                <div
                  className="Button Button--isActionFilled"
                >
                  <p
                    className="Button-Label"
                    onClick={[Function]}
                  >
                    Join an existing idea
                  </p>
                  <div
                    className="Button-Inside"
                    onClick={[Function]}
                  />
                </div>
              </Button>
              <Button
                label="Create your own idea"
                onClick={[Function]}
                type="isActionFilled"
              >
                <div
                  className="Button Button--isActionFilled"
                >
                  <p
                    className="Button-Label"
                    onClick={[Function]}
                  >
                    Create your own idea
                  </p>
                  <div
                    className="Button-Inside"
                    onClick={[Function]}
                  />
                </div>
              </Button>
            </div>
          </div>
        </section>
      </Router>
    </BrowserRouter>
  </Registration>
</Provider>
`;
