// Jest Snapshot v1, https://goo.gl/fbAQLP

exports[`Registration renders as expected 1`] = `
<Registration>
  <section
    className="Registration"
    id="registration"
  >
    <div
      className="Registration-Container"
    >
      <p
        className="Registration-Title"
      >
        Registration
      </p>
      <div
        className="Registration-Content"
      >
        <Button
          label="Join an existing idea"
          onClick={[Function]}
          type="isActionFilled"
        >
          <div
            className="Button Button--isActionFilled"
          >
            <p
              className="Button-Label"
              onClick={[Function]}
            >
              Join an existing idea
            </p>
            <div
              className="Button-Inside"
              onClick={[Function]}
            />
          </div>
        </Button>
        <Button
          label="Create your own idea"
          onClick={[Function]}
          type="isActionFilled"
        >
          <div
            className="Button Button--isActionFilled"
          >
            <p
              className="Button-Label"
              onClick={[Function]}
            >
              Create your own idea
            </p>
            <div
              className="Button-Inside"
              onClick={[Function]}
            />
          </div>
        </Button>
      </div>
    </div>
  </section>
</Registration>
`;
