// Jest Snapshot v1, https://goo.gl/fbAQLP

exports[`IdeaInfoOverlay renders as expected 1`] = `
<IdeaInfoOverlay
  content={
    Object {
      "description": "",
      "id": "",
      "name": "",
      "team": Object {},
    }
  }
>
  <Overlay
    onClose={[Function]}
  >
    <div
      className="Overlay Overlay--isOpening"
    >
      <div
        className="Overlay-Content"
        style={
          Object {
            "animationDuration": "200ms",
          }
        }
      >
        <div
          className="Overlay-Mask"
          onClick={[Function]}
        />
        <div
          className="Overlay-Box"
        >
          <div
            className="Overlay-Close"
            onClick={[Function]}
          >
            close
          </div>
          <div
            className="IdeaInfoOverlay"
          >
            <p
              className="IdeaInfoOverlay-Title"
            />
            <p
              className="IdeaInfoOverlay-Description"
            />
            <div
              className="IdeaInfoOverlay-Team"
            >
              <div
                className="IdeaInfoOverlay-Team-Title"
              >
                Team
              </div>
              <Team
                full={true}
                team={Object {}}
              >
                <div
                  className="Team Team--full"
                >
                  <div
                    className="Team-Members"
                  >
                    <div
                      className="Team--empty"
                    >
                      No members yet
                    </div>
                  </div>
                </div>
              </Team>
            </div>
          </div>
        </div>
      </div>
    </div>
  </Overlay>
</IdeaInfoOverlay>
`;
