// Jest Snapshot v1, https://goo.gl/fbAQLP

exports[`IdeaInfoOverlay renders as expected 1`] = `
<Provider
  store={
    Object {
      "clearActions": [Function],
      "dispatch": [Function],
      "getActions": [Function],
      "getState": [Function],
      "replaceReducer": [Function],
      "subscribe": [Function],
    }
  }
>
   
  <IdeaInfoOverlay>
    <div
      className="IdeaInfoOverlay"
    >
      <div
        className="Overlay"
        key="idea--overlay"
      >
        <div
          className="Overlay-Container"
        >
          <div
            className="Overlay-Box"
          >
            <div
              className="Overlay-Close"
              onClick={[Function]}
            >
              close
            </div>
            <div
              className="IdeaInfoOverlay-Title"
            />
            <div
              className="IdeaInfoOverlay-Description"
            />
            <div
              className="IdeaInfoOverlay-Team"
            >
              <div
                className="IdeaInfoOverlay-Team-Title"
              >
                Team
              </div>
              <Team
                full={true}
                team={Object {}}
              >
                <div
                  className="Team Team--full"
                >
                  <div
                    className="Team-Members"
                  >
                    <div
                      className="Team--empty"
                    >
                      There are no members in this team yet
                    </div>
                  </div>
                </div>
              </Team>
            </div>
          </div>
        </div>
      </div>
    </div>
  </IdeaInfoOverlay>
</Provider>
`;
