// Jest Snapshot v1, https://goo.gl/fbAQLP

exports[`Schedule renders as expected 1`] = `
<Schedule>
  <div
    className="Schedule"
    id="schedule"
  >
    <p
      className="Schedule-Title"
    >
      Schedule
    </p>
    <div
      className="Lightnings-Left"
    >
      <LightningSVG>
        <svg
          className="LightningSVG"
        >
          <use
            xlinkHref="#LightningSymbol"
          />
        </svg>
      </LightningSVG>
      <LightningSVG>
        <svg
          className="LightningSVG"
        >
          <use
            xlinkHref="#LightningSymbol"
          />
        </svg>
      </LightningSVG>
      <LightningSVG>
        <svg
          className="LightningSVG"
        >
          <use
            xlinkHref="#LightningSymbol"
          />
        </svg>
      </LightningSVG>
      <LightningSVG>
        <svg
          className="LightningSVG"
        >
          <use
            xlinkHref="#LightningSymbol"
          />
        </svg>
      </LightningSVG>
      <LightningSVG>
        <svg
          className="LightningSVG"
        >
          <use
            xlinkHref="#LightningSymbol"
          />
        </svg>
      </LightningSVG>
    </div>
    <div
      className="Schedule-Wrapper"
    >
      <div
        className="Day"
      >
        <h2>
          Day 1
        </h2>
        <table>
          <tbody>
            <tr>
              <th>
                09:00
              </th>
              <td
                className="is-official-program"
                colSpan="4"
                rowSpan="4"
              >
                Official welcome to Official Day 1
                 
                <span>
                  online (link TBA)
                </span>
              </td>
            </tr>
            <tr>
              <th>
                09:30
              </th>
            </tr>
            <tr>
              <th>
                10:00
              </th>
            </tr>
            <tr>
              <th>
                10:30
              </th>
            </tr>
            <tr>
              <th>
                11:00
              </th>
              <td
                className="is-hacking"
                rowSpan="6"
              >
                Hack, hack, hack
              </td>
            </tr>
            <tr>
              <th>
                11:30
              </th>
            </tr>
            <tr>
              <th>
                12:00
              </th>
            </tr>
            <tr>
              <th>
                12:30
              </th>
            </tr>
            <tr>
              <th>
                13:00
              </th>
            </tr>
            <tr>
              <th>
                13:30
              </th>
            </tr>
            <tr>
              <th>
                14:00
              </th>
              <td
                className="is-official-program"
                colSpan="4"
                rowSpan="2"
              >
                Virtual coffee & check in 
                <span>
                  online (link TBA)
                </span>
              </td>
            </tr>
            <tr>
              <th>
                14:30
              </th>
            </tr>
            <tr>
              <th>
                15:00
              </th>
              <td
                className="is-hacking"
                rowSpan="2"
              >
                Hack, hack, hack
              </td>
            </tr>
            <tr>
              <th>
                15:30
              </th>
            </tr>
            <tr>
              <th>
                16:00
              </th>
              <td
                className="is-official-program"
                colSpan="4"
                rowSpan="3"
              >
                Virtual yoga 
                <span>
                  online (link TBA)
                </span>
              </td>
            </tr>
            <tr>
              <th>
                16:15
              </th>
            </tr>
            <tr>
              <th>
                16:30
              </th>
            </tr>
            <tr>
              <th>
                17:00
              </th>
              <td
                className="is-hacking"
                colSpan="4"
                rowSpan="8"
              >
                Hack, hack, hack
              </td>
            </tr>
            <tr>
              <th>
                17:15
              </th>
            </tr>
            <tr>
              <th>
                17:30
              </th>
            </tr>
            <tr>
              <th>
                18:00
              </th>
            </tr>
            <tr>
              <th>
                18:30
              </th>
            </tr>
            <tr>
              <th>
                19:00
              </th>
            </tr>
          </tbody>
        </table>
      </div>
      <div
        className="Day"
      >
        <h2>
          Day 2
        </h2>
        <table>
          <tbody>
            <tr>
              <th>
                09:00
              </th>
              <td
                className="is-official-program"
                colSpan="4"
                rowSpan="2"
              >
                Welcome to Day 2 
                <span>
                  online (link TBA)
                </span>
              </td>
            </tr>
            <tr>
              <th>
                09:30
              </th>
            </tr>
            <tr>
              <th>
                10:00
              </th>
              <td
                className="is-hacking"
                rowSpan="12"
              >
                Hack, hack, hack
              </td>
            </tr>
            <tr>
              <th>
                10:30
              </th>
            </tr>
            <tr>
              <th>
                11:00
              </th>
            </tr>
            <tr>
              <th>
                11:30
              </th>
            </tr>
            <tr>
              <th>
                12:00
              </th>
            </tr>
            <tr>
              <th>
                12:30
              </th>
            </tr>
            <tr>
              <th>
                13:00
              </th>
            </tr>
            <tr>
              <th>
                13:30
              </th>
            </tr>
            <tr>
              <th>
                14:00
              </th>
            </tr>
            <tr>
              <th>
                14:30
              </th>
            </tr>
            <tr>
              <th>
                15:00
              </th>
            </tr>
            <tr>
              <th>
                15:30
              </th>
            </tr>
            <tr>
              <th>
                16:00
              </th>
              <td
                className="is-official-program"
                colSpan="4"
                rowSpan="1"
              >
                Stop coding!
              </td>
            </tr>
            <tr>
              <th>
                16:15
              </th>
              <td
                className="is-official-program"
                colSpan="4"
                rowSpan="2"
              >
                Demos
              </td>
            </tr>
            <tr>
              <th>
                16:30
              </th>
            </tr>
            <tr>
              <th>
                17:00
              </th>
              <td
                className="is-official-program"
                colSpan="4"
                rowSpan="1"
              >
                Voting 
                <span>
                  online (link tba)
                </span>
              </td>
            </tr>
            <tr>
              <th>
                17:15
              </th>
              <td
                className="is-official-program"
                colSpan="4"
                rowSpan="4"
              >
                Announce winners & ending ceremony
                 
                <span>
                  online (link tba)
                </span>
              </td>
            </tr>
            <tr>
              <th>
                17:30
              </th>
            </tr>
            <tr>
              <th>
                18:00
              </th>
            </tr>
            <tr>
              <th>
                18:30
              </th>
            </tr>
            <tr>
              <th>
                19:00
              </th>
              <td
                className="is-official-program"
                colSpan="4"
                rowSpan="2"
              >
                Offline afterparty for those who want to join
                 
                <span>
                  Biergarten (tba)
                </span>
              </td>
            </tr>
          </tbody>
        </table>
      </div>
    </div>
    <div
      className="Lightnings-Right"
    >
      <LightningSVG>
        <svg
          className="LightningSVG"
        >
          <use
            xlinkHref="#LightningSymbol"
          />
        </svg>
      </LightningSVG>
      <LightningSVG>
        <svg
          className="LightningSVG"
        >
          <use
            xlinkHref="#LightningSymbol"
          />
        </svg>
      </LightningSVG>
      <LightningSVG>
        <svg
          className="LightningSVG"
        >
          <use
            xlinkHref="#LightningSymbol"
          />
        </svg>
      </LightningSVG>
      <LightningSVG>
        <svg
          className="LightningSVG"
        >
          <use
            xlinkHref="#LightningSymbol"
          />
        </svg>
      </LightningSVG>
      <LightningSVG>
        <svg
          className="LightningSVG"
        >
          <use
            xlinkHref="#LightningSymbol"
          />
        </svg>
      </LightningSVG>
    </div>
  </div>
</Schedule>
`;
