// Jest Snapshot v1, https://goo.gl/fbAQLP

exports[`App renders as expected 1`] = `
<div
  className="App"
>
  <section
    className="App-Main-Section"
    id="about"
  >
    <div
      className="App-Background animate"
    />
    <div
      className="App-Curtain"
    />
    <div
      className="App-Left"
      data-aos="example-anim1"
      data-aos-delay="1000"
      data-aos-duration="1000"
    >
      <div
        className="App-Main-Section-Logo"
      >
        <div
          className="Logo-Container"
        >
          <Button
            label="Go to registration"
            onClick={[Function]}
            type="isActionFilled"
          />
        </div>
      </div>
    </div>
    <div
      className="App-Main-Section-Container"
    >
      <Header />
    </div>
  </section>
  <div
    className="Hack-guy animate"
  />
  <Registration
    onOpenAddIdeaOverlay={[Function]}
    onOpenJoinIdeaOverlay={[Function]}
  />
  <Ideas
    onClickAddIdeaBtn={[Function]}
    onOpenIdeaInfoOverlay={[Function]}
    onOpenJoinIdeaOverlay={[Function]}
  />
  <Inspiration />
  <Schedule />
  <Rules />
  <SVGSpriteSheet />
  <Footer />
</div>
`;
