// Jest Snapshot v1, https://goo.gl/fbAQLP

exports[`App renders as expected 1`] = `
<div
  className="App"
>
  <section
    className="App-Main-Section"
  >
    <div
      className="App-Main-Section-Container"
    >
      <Header />
      <div
        className="App-Main-Section-Info"
      >
        <div
          className="App-Main-Section-Title"
        >
          Cool name for our cool hackathon
        </div>
        <div
          className="App-Main-Section-Date"
        >
          <DateSVG />
          <p>
             12-15 December 2020 
          </p>
        </div>
        <div
          className="App-Main-Section-Location"
        >
          <LocationSVG />
          <p>
             Online 
          </p>
        </div>
        <Button
          action="scroll"
          target="Registration"
          title="Go to registration"
        />
      </div>
    </div>
  </section>
  <hr />
  <section
    className="Registration"
  />
  <hr />
  <section
    className="App-Ideas-Section"
  >
    <div
      className="App-Ideas-Section-Container"
    >
      <div
        className="App-Section-Title"
      >
        Ideas
      </div>
      <IdeaCard
        description="Any long description Any long descriptionAny long descriptionAny long descriptionAny long descriptionAny long descriptionAny long descriptionAny long descriptionAny long descriptionAny long descriptionAny long descriptionAny long descriptionAny long descriptionAny long descriptionAny long descriptionAny long description"
        id={1}
        name="Idea 1 name"
        teamId={1}
      />
      <IdeaCard
        description="Any long description"
        id={2}
        name="Idea 2 name"
        teamId={2}
      />
    </div>
  </section>
  <hr />
  <SVGSpriteSheet />
  <IdeaInfoOverlay />
  <JoinIdeaOverlay />
</div>
`;
